// Jest Snapshot v1, https://goo.gl/fbAQLP

exports[`Storyshots Input with knobs 1`] = `
<p
  className="container"
>
  <label>
    A Label
  </label>
  <span
    className="unit"
  >
    <input
      onChange={[Function]}
      type="number"
      value=""
    />
    cm
  </span>
</p>
`;

exports[`Storyshots Input with text 1`] = `
<p
  className="container"
>
  <label>
    A Label
  </label>
  <span
    className="unit"
  >
    <input
      onChange={[Function]}
      type="number"
      value=""
    />
    cm
  </span>
</p>
`;
